Running ExUnit with seed: 48865, max_cases: 24

.....
Finished in 0.09 seconds (0.09s async, 0.00s sync)
5 tests, 0 failures
